PASS keys:go:recipient-is-age1pq :: len=1959
PASS keys:go:recipient-is-age1pq :: len=1959
PASS keys:rust:recipient-is-age1pq :: len=1959
PASS keys:rust:recipient-is-age1pq :: len=1959
PASS keys:typage:recipient-is-age1pq :: len=1959
PASS keys:typage:recipient-is-age1pq :: len=1959
PASS keys:go:rust-and-go-derive-same-recipient
PASS keys:rust:rust-and-go-derive-same-recipient
PASS keys:typage:rust-and-go-derive-same-recipient
PASS header-len:rust:1pq:0B :: 1627
PASS interop:rust->rust:go-keys:1pq:0B
PASS interop:rust->go:go-keys:1pq:0B
PASS interop:rust->typage:go-keys:1pq:0B
PASS interop:rust->kage:go-keys:1pq:0B
PASS header-len:rust:1pq:1B :: 1627
PASS interop:rust->rust:go-keys:1pq:1B
PASS interop:rust->go:go-keys:1pq:1B
PASS interop:rust->typage:go-keys:1pq:1B
PASS interop:rust->kage:go-keys:1pq:1B
PASS header-len:rust:1pq:65535B :: 1627
PASS interop:rust->rust:go-keys:1pq:65535B
PASS interop:rust->go:go-keys:1pq:65535B
PASS interop:rust->typage:go-keys:1pq:65535B
PASS interop:rust->kage:go-keys:1pq:65535B
PASS header-len:rust:1pq:65536B :: 1627
PASS interop:rust->rust:go-keys:1pq:65536B
PASS interop:rust->go:go-keys:1pq:65536B
PASS interop:rust->typage:go-keys:1pq:65536B
PASS interop:rust->kage:go-keys:1pq:65536B
PASS header-len:rust:1pq:65537B :: 1627
PASS interop:rust->rust:go-keys:1pq:65537B
PASS interop:rust->go:go-keys:1pq:65537B
PASS interop:rust->typage:go-keys:1pq:65537B
PASS interop:rust->kage:go-keys:1pq:65537B
PASS header-len:rust:1pq:196615B :: 1627
PASS interop:rust->rust:go-keys:1pq:196615B
PASS interop:rust->go:go-keys:1pq:196615B
PASS interop:rust->typage:go-keys:1pq:196615B
PASS interop:rust->kage:go-keys:1pq:196615B
PASS header-len:rust:1pq:5242883B :: 1627
PASS interop:rust->rust:go-keys:1pq:5242883B
PASS interop:rust->go:go-keys:1pq:5242883B
PASS interop:rust->typage:go-keys:1pq:5242883B
PASS interop:rust->kage:go-keys:1pq:5242883B
PASS header-len:go:1pq:0B :: 1627
PASS interop:go->rust:go-keys:1pq:0B
PASS interop:go->go:go-keys:1pq:0B
PASS interop:go->typage:go-keys:1pq:0B
PASS interop:go->kage:go-keys:1pq:0B
PASS header-len:go:1pq:1B :: 1627
PASS interop:go->rust:go-keys:1pq:1B
PASS interop:go->go:go-keys:1pq:1B
PASS interop:go->typage:go-keys:1pq:1B
PASS interop:go->kage:go-keys:1pq:1B
PASS header-len:go:1pq:65535B :: 1627
PASS interop:go->rust:go-keys:1pq:65535B
PASS interop:go->go:go-keys:1pq:65535B
PASS interop:go->typage:go-keys:1pq:65535B
PASS interop:go->kage:go-keys:1pq:65535B
PASS header-len:go:1pq:65536B :: 1627
PASS interop:go->rust:go-keys:1pq:65536B
PASS interop:go->go:go-keys:1pq:65536B
PASS interop:go->typage:go-keys:1pq:65536B
PASS interop:go->kage:go-keys:1pq:65536B
PASS header-len:go:1pq:65537B :: 1627
PASS interop:go->rust:go-keys:1pq:65537B
PASS interop:go->go:go-keys:1pq:65537B
PASS interop:go->typage:go-keys:1pq:65537B
PASS interop:go->kage:go-keys:1pq:65537B
PASS header-len:go:1pq:196615B :: 1627
PASS interop:go->rust:go-keys:1pq:196615B
PASS interop:go->go:go-keys:1pq:196615B
PASS interop:go->typage:go-keys:1pq:196615B
PASS interop:go->kage:go-keys:1pq:196615B
PASS header-len:go:1pq:5242883B :: 1627
PASS interop:go->rust:go-keys:1pq:5242883B
PASS interop:go->go:go-keys:1pq:5242883B
PASS interop:go->typage:go-keys:1pq:5242883B
PASS interop:go->kage:go-keys:1pq:5242883B
PASS header-len:typage:1pq:0B :: 1627
PASS interop:typage->rust:go-keys:1pq:0B
PASS interop:typage->go:go-keys:1pq:0B
PASS interop:typage->typage:go-keys:1pq:0B
PASS interop:typage->kage:go-keys:1pq:0B
PASS header-len:typage:1pq:1B :: 1627
PASS interop:typage->rust:go-keys:1pq:1B
PASS interop:typage->go:go-keys:1pq:1B
PASS interop:typage->typage:go-keys:1pq:1B
PASS interop:typage->kage:go-keys:1pq:1B
PASS header-len:typage:1pq:65535B :: 1627
PASS interop:typage->rust:go-keys:1pq:65535B
PASS interop:typage->go:go-keys:1pq:65535B
PASS interop:typage->typage:go-keys:1pq:65535B
PASS interop:typage->kage:go-keys:1pq:65535B
PASS header-len:typage:1pq:65536B :: 1627
PASS interop:typage->rust:go-keys:1pq:65536B
PASS interop:typage->go:go-keys:1pq:65536B
PASS interop:typage->typage:go-keys:1pq:65536B
PASS interop:typage->kage:go-keys:1pq:65536B
PASS header-len:typage:1pq:65537B :: 1627
PASS interop:typage->rust:go-keys:1pq:65537B
PASS interop:typage->go:go-keys:1pq:65537B
PASS interop:typage->typage:go-keys:1pq:65537B
PASS interop:typage->kage:go-keys:1pq:65537B
PASS header-len:typage:1pq:196615B :: 1627
PASS interop:typage->rust:go-keys:1pq:196615B
PASS interop:typage->go:go-keys:1pq:196615B
PASS interop:typage->typage:go-keys:1pq:196615B
PASS interop:typage->kage:go-keys:1pq:196615B
PASS header-len:typage:1pq:5242883B :: 1627
PASS interop:typage->rust:go-keys:1pq:5242883B
PASS interop:typage->go:go-keys:1pq:5242883B
PASS interop:typage->typage:go-keys:1pq:5242883B
PASS interop:typage->kage:go-keys:1pq:5242883B
PASS header-len:kage:1pq:0B :: 1627
PASS interop:kage->rust:go-keys:1pq:0B
PASS interop:kage->go:go-keys:1pq:0B
PASS interop:kage->typage:go-keys:1pq:0B
PASS interop:kage->kage:go-keys:1pq:0B
PASS header-len:kage:1pq:1B :: 1627
PASS interop:kage->rust:go-keys:1pq:1B
PASS interop:kage->go:go-keys:1pq:1B
PASS interop:kage->typage:go-keys:1pq:1B
PASS interop:kage->kage:go-keys:1pq:1B
PASS header-len:kage:1pq:65535B :: 1627
PASS interop:kage->rust:go-keys:1pq:65535B
PASS interop:kage->go:go-keys:1pq:65535B
PASS interop:kage->typage:go-keys:1pq:65535B
PASS interop:kage->kage:go-keys:1pq:65535B
PASS header-len:kage:1pq:65536B :: 1627
PASS interop:kage->rust:go-keys:1pq:65536B
PASS interop:kage->go:go-keys:1pq:65536B
PASS interop:kage->typage:go-keys:1pq:65536B
PASS interop:kage->kage:go-keys:1pq:65536B
PASS header-len:kage:1pq:65537B :: 1627
PASS interop:kage->rust:go-keys:1pq:65537B
PASS interop:kage->go:go-keys:1pq:65537B
PASS interop:kage->typage:go-keys:1pq:65537B
PASS interop:kage->kage:go-keys:1pq:65537B
PASS header-len:kage:1pq:196615B :: 1627
PASS interop:kage->rust:go-keys:1pq:196615B
PASS interop:kage->go:go-keys:1pq:196615B
PASS interop:kage->typage:go-keys:1pq:196615B
PASS interop:kage->kage:go-keys:1pq:196615B
PASS header-len:kage:1pq:5242883B :: 1627
PASS interop:kage->rust:go-keys:1pq:5242883B
PASS interop:kage->go:go-keys:1pq:5242883B
PASS interop:kage->typage:go-keys:1pq:5242883B
PASS interop:kage->kage:go-keys:1pq:5242883B
PASS header-len:rust:2pq:0B :: 3184
PASS interop:rust->rust:go-keys:2pq:0B
PASS interop:rust->go:go-keys:2pq:0B
PASS interop:rust->typage:go-keys:2pq:0B
PASS interop:rust->kage:go-keys:2pq:0B
PASS header-len:rust:2pq:1B :: 3184
PASS interop:rust->rust:go-keys:2pq:1B
PASS interop:rust->go:go-keys:2pq:1B
PASS interop:rust->typage:go-keys:2pq:1B
PASS interop:rust->kage:go-keys:2pq:1B
PASS header-len:rust:2pq:65535B :: 3184
PASS interop:rust->rust:go-keys:2pq:65535B
PASS interop:rust->go:go-keys:2pq:65535B
PASS interop:rust->typage:go-keys:2pq:65535B
PASS interop:rust->kage:go-keys:2pq:65535B
PASS header-len:rust:2pq:65536B :: 3184
PASS interop:rust->rust:go-keys:2pq:65536B
PASS interop:rust->go:go-keys:2pq:65536B
PASS interop:rust->typage:go-keys:2pq:65536B
PASS interop:rust->kage:go-keys:2pq:65536B
PASS header-len:rust:2pq:65537B :: 3184
PASS interop:rust->rust:go-keys:2pq:65537B
PASS interop:rust->go:go-keys:2pq:65537B
PASS interop:rust->typage:go-keys:2pq:65537B
PASS interop:rust->kage:go-keys:2pq:65537B
PASS header-len:rust:2pq:196615B :: 3184
PASS interop:rust->rust:go-keys:2pq:196615B
PASS interop:rust->go:go-keys:2pq:196615B
PASS interop:rust->typage:go-keys:2pq:196615B
PASS interop:rust->kage:go-keys:2pq:196615B
PASS header-len:rust:2pq:5242883B :: 3184
PASS interop:rust->rust:go-keys:2pq:5242883B
PASS interop:rust->go:go-keys:2pq:5242883B
PASS interop:rust->typage:go-keys:2pq:5242883B
PASS interop:rust->kage:go-keys:2pq:5242883B
PASS header-len:go:2pq:0B :: 3184
PASS interop:go->rust:go-keys:2pq:0B
PASS interop:go->go:go-keys:2pq:0B
PASS interop:go->typage:go-keys:2pq:0B
PASS interop:go->kage:go-keys:2pq:0B
PASS header-len:go:2pq:1B :: 3184
PASS interop:go->rust:go-keys:2pq:1B
PASS interop:go->go:go-keys:2pq:1B
PASS interop:go->typage:go-keys:2pq:1B
PASS interop:go->kage:go-keys:2pq:1B
PASS header-len:go:2pq:65535B :: 3184
PASS interop:go->rust:go-keys:2pq:65535B
PASS interop:go->go:go-keys:2pq:65535B
PASS interop:go->typage:go-keys:2pq:65535B
PASS interop:go->kage:go-keys:2pq:65535B
PASS header-len:go:2pq:65536B :: 3184
PASS interop:go->rust:go-keys:2pq:65536B
PASS interop:go->go:go-keys:2pq:65536B
PASS interop:go->typage:go-keys:2pq:65536B
PASS interop:go->kage:go-keys:2pq:65536B
PASS header-len:go:2pq:65537B :: 3184
PASS interop:go->rust:go-keys:2pq:65537B
PASS interop:go->go:go-keys:2pq:65537B
PASS interop:go->typage:go-keys:2pq:65537B
PASS interop:go->kage:go-keys:2pq:65537B
PASS header-len:go:2pq:196615B :: 3184
PASS interop:go->rust:go-keys:2pq:196615B
PASS interop:go->go:go-keys:2pq:196615B
PASS interop:go->typage:go-keys:2pq:196615B
PASS interop:go->kage:go-keys:2pq:196615B
PASS header-len:go:2pq:5242883B :: 3184
PASS interop:go->rust:go-keys:2pq:5242883B
PASS interop:go->go:go-keys:2pq:5242883B
PASS interop:go->typage:go-keys:2pq:5242883B
PASS interop:go->kage:go-keys:2pq:5242883B
PASS header-len:typage:2pq:0B :: 3184
PASS interop:typage->rust:go-keys:2pq:0B
PASS interop:typage->go:go-keys:2pq:0B
PASS interop:typage->typage:go-keys:2pq:0B
PASS interop:typage->kage:go-keys:2pq:0B
PASS header-len:typage:2pq:1B :: 3184
PASS interop:typage->rust:go-keys:2pq:1B
PASS interop:typage->go:go-keys:2pq:1B
PASS interop:typage->typage:go-keys:2pq:1B
PASS interop:typage->kage:go-keys:2pq:1B
PASS header-len:typage:2pq:65535B :: 3184
PASS interop:typage->rust:go-keys:2pq:65535B
PASS interop:typage->go:go-keys:2pq:65535B
PASS interop:typage->typage:go-keys:2pq:65535B
PASS interop:typage->kage:go-keys:2pq:65535B
PASS header-len:typage:2pq:65536B :: 3184
PASS interop:typage->rust:go-keys:2pq:65536B
PASS interop:typage->go:go-keys:2pq:65536B
PASS interop:typage->typage:go-keys:2pq:65536B
PASS interop:typage->kage:go-keys:2pq:65536B
PASS header-len:typage:2pq:65537B :: 3184
PASS interop:typage->rust:go-keys:2pq:65537B
PASS interop:typage->go:go-keys:2pq:65537B
PASS interop:typage->typage:go-keys:2pq:65537B
PASS interop:typage->kage:go-keys:2pq:65537B
PASS header-len:typage:2pq:196615B :: 3184
PASS interop:typage->rust:go-keys:2pq:196615B
PASS interop:typage->go:go-keys:2pq:196615B
PASS interop:typage->typage:go-keys:2pq:196615B
PASS interop:typage->kage:go-keys:2pq:196615B
PASS header-len:typage:2pq:5242883B :: 3184
PASS interop:typage->rust:go-keys:2pq:5242883B
PASS interop:typage->go:go-keys:2pq:5242883B
PASS interop:typage->typage:go-keys:2pq:5242883B
PASS interop:typage->kage:go-keys:2pq:5242883B
PASS header-len:kage:2pq:0B :: 3184
PASS interop:kage->rust:go-keys:2pq:0B
PASS interop:kage->go:go-keys:2pq:0B
PASS interop:kage->typage:go-keys:2pq:0B
PASS interop:kage->kage:go-keys:2pq:0B
PASS header-len:kage:2pq:1B :: 3184
PASS interop:kage->rust:go-keys:2pq:1B
PASS interop:kage->go:go-keys:2pq:1B
PASS interop:kage->typage:go-keys:2pq:1B
PASS interop:kage->kage:go-keys:2pq:1B
PASS header-len:kage:2pq:65535B :: 3184
PASS interop:kage->rust:go-keys:2pq:65535B
PASS interop:kage->go:go-keys:2pq:65535B
PASS interop:kage->typage:go-keys:2pq:65535B
PASS interop:kage->kage:go-keys:2pq:65535B
PASS header-len:kage:2pq:65536B :: 3184
PASS interop:kage->rust:go-keys:2pq:65536B
PASS interop:kage->go:go-keys:2pq:65536B
PASS interop:kage->typage:go-keys:2pq:65536B
PASS interop:kage->kage:go-keys:2pq:65536B
PASS header-len:kage:2pq:65537B :: 3184
PASS interop:kage->rust:go-keys:2pq:65537B
PASS interop:kage->go:go-keys:2pq:65537B
PASS interop:kage->typage:go-keys:2pq:65537B
PASS interop:kage->kage:go-keys:2pq:65537B
PASS header-len:kage:2pq:196615B :: 3184
PASS interop:kage->rust:go-keys:2pq:196615B
PASS interop:kage->go:go-keys:2pq:196615B
PASS interop:kage->typage:go-keys:2pq:196615B
PASS interop:kage->kage:go-keys:2pq:196615B
PASS header-len:kage:2pq:5242883B :: 3184
PASS interop:kage->rust:go-keys:2pq:5242883B
PASS interop:kage->go:go-keys:2pq:5242883B
PASS interop:kage->typage:go-keys:2pq:5242883B
PASS interop:kage->kage:go-keys:2pq:5242883B
PASS header-len:rust:1pq:0B :: 1627
PASS interop:rust->rust:rust-keys:1pq:0B
PASS interop:rust->go:rust-keys:1pq:0B
PASS interop:rust->typage:rust-keys:1pq:0B
PASS interop:rust->kage:rust-keys:1pq:0B
PASS header-len:rust:1pq:1B :: 1627
PASS interop:rust->rust:rust-keys:1pq:1B
PASS interop:rust->go:rust-keys:1pq:1B
PASS interop:rust->typage:rust-keys:1pq:1B
PASS interop:rust->kage:rust-keys:1pq:1B
PASS header-len:rust:1pq:65535B :: 1627
PASS interop:rust->rust:rust-keys:1pq:65535B
PASS interop:rust->go:rust-keys:1pq:65535B
PASS interop:rust->typage:rust-keys:1pq:65535B
PASS interop:rust->kage:rust-keys:1pq:65535B
PASS header-len:rust:1pq:65536B :: 1627
PASS interop:rust->rust:rust-keys:1pq:65536B
PASS interop:rust->go:rust-keys:1pq:65536B
PASS interop:rust->typage:rust-keys:1pq:65536B
PASS interop:rust->kage:rust-keys:1pq:65536B
PASS header-len:rust:1pq:65537B :: 1627
PASS interop:rust->rust:rust-keys:1pq:65537B
PASS interop:rust->go:rust-keys:1pq:65537B
PASS interop:rust->typage:rust-keys:1pq:65537B
PASS interop:rust->kage:rust-keys:1pq:65537B
PASS header-len:rust:1pq:196615B :: 1627
PASS interop:rust->rust:rust-keys:1pq:196615B
PASS interop:rust->go:rust-keys:1pq:196615B
PASS interop:rust->typage:rust-keys:1pq:196615B
PASS interop:rust->kage:rust-keys:1pq:196615B
PASS header-len:rust:1pq:5242883B :: 1627
PASS interop:rust->rust:rust-keys:1pq:5242883B
PASS interop:rust->go:rust-keys:1pq:5242883B
PASS interop:rust->typage:rust-keys:1pq:5242883B
PASS interop:rust->kage:rust-keys:1pq:5242883B
PASS header-len:go:1pq:0B :: 1627
PASS interop:go->rust:rust-keys:1pq:0B
PASS interop:go->go:rust-keys:1pq:0B
PASS interop:go->typage:rust-keys:1pq:0B
PASS interop:go->kage:rust-keys:1pq:0B
PASS header-len:go:1pq:1B :: 1627
PASS interop:go->rust:rust-keys:1pq:1B
PASS interop:go->go:rust-keys:1pq:1B
PASS interop:go->typage:rust-keys:1pq:1B
PASS interop:go->kage:rust-keys:1pq:1B
PASS header-len:go:1pq:65535B :: 1627
PASS interop:go->rust:rust-keys:1pq:65535B
PASS interop:go->go:rust-keys:1pq:65535B
PASS interop:go->typage:rust-keys:1pq:65535B
PASS interop:go->kage:rust-keys:1pq:65535B
PASS header-len:go:1pq:65536B :: 1627
PASS interop:go->rust:rust-keys:1pq:65536B
PASS interop:go->go:rust-keys:1pq:65536B
PASS interop:go->typage:rust-keys:1pq:65536B
PASS interop:go->kage:rust-keys:1pq:65536B
PASS header-len:go:1pq:65537B :: 1627
PASS interop:go->rust:rust-keys:1pq:65537B
PASS interop:go->go:rust-keys:1pq:65537B
PASS interop:go->typage:rust-keys:1pq:65537B
PASS interop:go->kage:rust-keys:1pq:65537B
PASS header-len:go:1pq:196615B :: 1627
PASS interop:go->rust:rust-keys:1pq:196615B
PASS interop:go->go:rust-keys:1pq:196615B
PASS interop:go->typage:rust-keys:1pq:196615B
PASS interop:go->kage:rust-keys:1pq:196615B
PASS header-len:go:1pq:5242883B :: 1627
PASS interop:go->rust:rust-keys:1pq:5242883B
PASS interop:go->go:rust-keys:1pq:5242883B
PASS interop:go->typage:rust-keys:1pq:5242883B
PASS interop:go->kage:rust-keys:1pq:5242883B
PASS header-len:typage:1pq:0B :: 1627
PASS interop:typage->rust:rust-keys:1pq:0B
PASS interop:typage->go:rust-keys:1pq:0B
PASS interop:typage->typage:rust-keys:1pq:0B
PASS interop:typage->kage:rust-keys:1pq:0B
PASS header-len:typage:1pq:1B :: 1627
PASS interop:typage->rust:rust-keys:1pq:1B
PASS interop:typage->go:rust-keys:1pq:1B
PASS interop:typage->typage:rust-keys:1pq:1B
PASS interop:typage->kage:rust-keys:1pq:1B
PASS header-len:typage:1pq:65535B :: 1627
PASS interop:typage->rust:rust-keys:1pq:65535B
PASS interop:typage->go:rust-keys:1pq:65535B
PASS interop:typage->typage:rust-keys:1pq:65535B
PASS interop:typage->kage:rust-keys:1pq:65535B
PASS header-len:typage:1pq:65536B :: 1627
PASS interop:typage->rust:rust-keys:1pq:65536B
PASS interop:typage->go:rust-keys:1pq:65536B
PASS interop:typage->typage:rust-keys:1pq:65536B
PASS interop:typage->kage:rust-keys:1pq:65536B
PASS header-len:typage:1pq:65537B :: 1627
PASS interop:typage->rust:rust-keys:1pq:65537B
PASS interop:typage->go:rust-keys:1pq:65537B
PASS interop:typage->typage:rust-keys:1pq:65537B
PASS interop:typage->kage:rust-keys:1pq:65537B
PASS header-len:typage:1pq:196615B :: 1627
PASS interop:typage->rust:rust-keys:1pq:196615B
PASS interop:typage->go:rust-keys:1pq:196615B
PASS interop:typage->typage:rust-keys:1pq:196615B
PASS interop:typage->kage:rust-keys:1pq:196615B
PASS header-len:typage:1pq:5242883B :: 1627
PASS interop:typage->rust:rust-keys:1pq:5242883B
PASS interop:typage->go:rust-keys:1pq:5242883B
PASS interop:typage->typage:rust-keys:1pq:5242883B
PASS interop:typage->kage:rust-keys:1pq:5242883B
PASS header-len:kage:1pq:0B :: 1627
PASS interop:kage->rust:rust-keys:1pq:0B
PASS interop:kage->go:rust-keys:1pq:0B
PASS interop:kage->typage:rust-keys:1pq:0B
PASS interop:kage->kage:rust-keys:1pq:0B
PASS header-len:kage:1pq:1B :: 1627
PASS interop:kage->rust:rust-keys:1pq:1B
PASS interop:kage->go:rust-keys:1pq:1B
PASS interop:kage->typage:rust-keys:1pq:1B
PASS interop:kage->kage:rust-keys:1pq:1B
PASS header-len:kage:1pq:65535B :: 1627
PASS interop:kage->rust:rust-keys:1pq:65535B
PASS interop:kage->go:rust-keys:1pq:65535B
PASS interop:kage->typage:rust-keys:1pq:65535B
PASS interop:kage->kage:rust-keys:1pq:65535B
PASS header-len:kage:1pq:65536B :: 1627
PASS interop:kage->rust:rust-keys:1pq:65536B
PASS interop:kage->go:rust-keys:1pq:65536B
PASS interop:kage->typage:rust-keys:1pq:65536B
PASS interop:kage->kage:rust-keys:1pq:65536B
PASS header-len:kage:1pq:65537B :: 1627
PASS interop:kage->rust:rust-keys:1pq:65537B
PASS interop:kage->go:rust-keys:1pq:65537B
PASS interop:kage->typage:rust-keys:1pq:65537B
PASS interop:kage->kage:rust-keys:1pq:65537B
PASS header-len:kage:1pq:196615B :: 1627
PASS interop:kage->rust:rust-keys:1pq:196615B
PASS interop:kage->go:rust-keys:1pq:196615B
PASS interop:kage->typage:rust-keys:1pq:196615B
PASS interop:kage->kage:rust-keys:1pq:196615B
PASS header-len:kage:1pq:5242883B :: 1627
PASS interop:kage->rust:rust-keys:1pq:5242883B
PASS interop:kage->go:rust-keys:1pq:5242883B
PASS interop:kage->typage:rust-keys:1pq:5242883B
PASS interop:kage->kage:rust-keys:1pq:5242883B
PASS header-len:rust:2pq:0B :: 3184
PASS interop:rust->rust:rust-keys:2pq:0B
PASS interop:rust->go:rust-keys:2pq:0B
PASS interop:rust->typage:rust-keys:2pq:0B
PASS interop:rust->kage:rust-keys:2pq:0B
PASS header-len:rust:2pq:1B :: 3184
PASS interop:rust->rust:rust-keys:2pq:1B
PASS interop:rust->go:rust-keys:2pq:1B
PASS interop:rust->typage:rust-keys:2pq:1B
PASS interop:rust->kage:rust-keys:2pq:1B
PASS header-len:rust:2pq:65535B :: 3184
PASS interop:rust->rust:rust-keys:2pq:65535B
PASS interop:rust->go:rust-keys:2pq:65535B
PASS interop:rust->typage:rust-keys:2pq:65535B
PASS interop:rust->kage:rust-keys:2pq:65535B
PASS header-len:rust:2pq:65536B :: 3184
PASS interop:rust->rust:rust-keys:2pq:65536B
PASS interop:rust->go:rust-keys:2pq:65536B
PASS interop:rust->typage:rust-keys:2pq:65536B
PASS interop:rust->kage:rust-keys:2pq:65536B
PASS header-len:rust:2pq:65537B :: 3184
PASS interop:rust->rust:rust-keys:2pq:65537B
PASS interop:rust->go:rust-keys:2pq:65537B
PASS interop:rust->typage:rust-keys:2pq:65537B
PASS interop:rust->kage:rust-keys:2pq:65537B
PASS header-len:rust:2pq:196615B :: 3184
PASS interop:rust->rust:rust-keys:2pq:196615B
PASS interop:rust->go:rust-keys:2pq:196615B
PASS interop:rust->typage:rust-keys:2pq:196615B
PASS interop:rust->kage:rust-keys:2pq:196615B
PASS header-len:rust:2pq:5242883B :: 3184
PASS interop:rust->rust:rust-keys:2pq:5242883B
PASS interop:rust->go:rust-keys:2pq:5242883B
PASS interop:rust->typage:rust-keys:2pq:5242883B
PASS interop:rust->kage:rust-keys:2pq:5242883B
PASS header-len:go:2pq:0B :: 3184
PASS interop:go->rust:rust-keys:2pq:0B
PASS interop:go->go:rust-keys:2pq:0B
PASS interop:go->typage:rust-keys:2pq:0B
PASS interop:go->kage:rust-keys:2pq:0B
PASS header-len:go:2pq:1B :: 3184
PASS interop:go->rust:rust-keys:2pq:1B
PASS interop:go->go:rust-keys:2pq:1B
PASS interop:go->typage:rust-keys:2pq:1B
PASS interop:go->kage:rust-keys:2pq:1B
PASS header-len:go:2pq:65535B :: 3184
PASS interop:go->rust:rust-keys:2pq:65535B
PASS interop:go->go:rust-keys:2pq:65535B
PASS interop:go->typage:rust-keys:2pq:65535B
PASS interop:go->kage:rust-keys:2pq:65535B
PASS header-len:go:2pq:65536B :: 3184
PASS interop:go->rust:rust-keys:2pq:65536B
PASS interop:go->go:rust-keys:2pq:65536B
PASS interop:go->typage:rust-keys:2pq:65536B
PASS interop:go->kage:rust-keys:2pq:65536B
PASS header-len:go:2pq:65537B :: 3184
PASS interop:go->rust:rust-keys:2pq:65537B
PASS interop:go->go:rust-keys:2pq:65537B
PASS interop:go->typage:rust-keys:2pq:65537B
PASS interop:go->kage:rust-keys:2pq:65537B
PASS header-len:go:2pq:196615B :: 3184
PASS interop:go->rust:rust-keys:2pq:196615B
PASS interop:go->go:rust-keys:2pq:196615B
PASS interop:go->typage:rust-keys:2pq:196615B
PASS interop:go->kage:rust-keys:2pq:196615B
PASS header-len:go:2pq:5242883B :: 3184
PASS interop:go->rust:rust-keys:2pq:5242883B
PASS interop:go->go:rust-keys:2pq:5242883B
PASS interop:go->typage:rust-keys:2pq:5242883B
PASS interop:go->kage:rust-keys:2pq:5242883B
PASS header-len:typage:2pq:0B :: 3184
PASS interop:typage->rust:rust-keys:2pq:0B
PASS interop:typage->go:rust-keys:2pq:0B
PASS interop:typage->typage:rust-keys:2pq:0B
PASS interop:typage->kage:rust-keys:2pq:0B
PASS header-len:typage:2pq:1B :: 3184
PASS interop:typage->rust:rust-keys:2pq:1B
PASS interop:typage->go:rust-keys:2pq:1B
PASS interop:typage->typage:rust-keys:2pq:1B
PASS interop:typage->kage:rust-keys:2pq:1B
PASS header-len:typage:2pq:65535B :: 3184
PASS interop:typage->rust:rust-keys:2pq:65535B
PASS interop:typage->go:rust-keys:2pq:65535B
PASS interop:typage->typage:rust-keys:2pq:65535B
PASS interop:typage->kage:rust-keys:2pq:65535B
PASS header-len:typage:2pq:65536B :: 3184
PASS interop:typage->rust:rust-keys:2pq:65536B
PASS interop:typage->go:rust-keys:2pq:65536B
PASS interop:typage->typage:rust-keys:2pq:65536B
PASS interop:typage->kage:rust-keys:2pq:65536B
PASS header-len:typage:2pq:65537B :: 3184
PASS interop:typage->rust:rust-keys:2pq:65537B
PASS interop:typage->go:rust-keys:2pq:65537B
PASS interop:typage->typage:rust-keys:2pq:65537B
PASS interop:typage->kage:rust-keys:2pq:65537B
PASS header-len:typage:2pq:196615B :: 3184
PASS interop:typage->rust:rust-keys:2pq:196615B
PASS interop:typage->go:rust-keys:2pq:196615B
PASS interop:typage->typage:rust-keys:2pq:196615B
PASS interop:typage->kage:rust-keys:2pq:196615B
PASS header-len:typage:2pq:5242883B :: 3184
PASS interop:typage->rust:rust-keys:2pq:5242883B
PASS interop:typage->go:rust-keys:2pq:5242883B
PASS interop:typage->typage:rust-keys:2pq:5242883B
PASS interop:typage->kage:rust-keys:2pq:5242883B
PASS header-len:kage:2pq:0B :: 3184
PASS interop:kage->rust:rust-keys:2pq:0B
PASS interop:kage->go:rust-keys:2pq:0B
PASS interop:kage->typage:rust-keys:2pq:0B
PASS interop:kage->kage:rust-keys:2pq:0B
PASS header-len:kage:2pq:1B :: 3184
PASS interop:kage->rust:rust-keys:2pq:1B
PASS interop:kage->go:rust-keys:2pq:1B
PASS interop:kage->typage:rust-keys:2pq:1B
PASS interop:kage->kage:rust-keys:2pq:1B
PASS header-len:kage:2pq:65535B :: 3184
PASS interop:kage->rust:rust-keys:2pq:65535B
PASS interop:kage->go:rust-keys:2pq:65535B
PASS interop:kage->typage:rust-keys:2pq:65535B
PASS interop:kage->kage:rust-keys:2pq:65535B
PASS header-len:kage:2pq:65536B :: 3184
PASS interop:kage->rust:rust-keys:2pq:65536B
PASS interop:kage->go:rust-keys:2pq:65536B
PASS interop:kage->typage:rust-keys:2pq:65536B
PASS interop:kage->kage:rust-keys:2pq:65536B
PASS header-len:kage:2pq:65537B :: 3184
PASS interop:kage->rust:rust-keys:2pq:65537B
PASS interop:kage->go:rust-keys:2pq:65537B
PASS interop:kage->typage:rust-keys:2pq:65537B
PASS interop:kage->kage:rust-keys:2pq:65537B
PASS header-len:kage:2pq:196615B :: 3184
PASS interop:kage->rust:rust-keys:2pq:196615B
PASS interop:kage->go:rust-keys:2pq:196615B
PASS interop:kage->typage:rust-keys:2pq:196615B
PASS interop:kage->kage:rust-keys:2pq:196615B
PASS header-len:kage:2pq:5242883B :: 3184
PASS interop:kage->rust:rust-keys:2pq:5242883B
PASS interop:kage->go:rust-keys:2pq:5242883B
PASS interop:kage->typage:rust-keys:2pq:5242883B
PASS interop:kage->kage:rust-keys:2pq:5242883B
PASS header-len:rust:1pq:0B :: 1627
PASS interop:rust->rust:typage-keys:1pq:0B
PASS interop:rust->go:typage-keys:1pq:0B
PASS interop:rust->typage:typage-keys:1pq:0B
PASS interop:rust->kage:typage-keys:1pq:0B
PASS header-len:rust:1pq:1B :: 1627
PASS interop:rust->rust:typage-keys:1pq:1B
PASS interop:rust->go:typage-keys:1pq:1B
PASS interop:rust->typage:typage-keys:1pq:1B
PASS interop:rust->kage:typage-keys:1pq:1B
PASS header-len:rust:1pq:65535B :: 1627
PASS interop:rust->rust:typage-keys:1pq:65535B
PASS interop:rust->go:typage-keys:1pq:65535B
PASS interop:rust->typage:typage-keys:1pq:65535B
PASS interop:rust->kage:typage-keys:1pq:65535B
PASS header-len:rust:1pq:65536B :: 1627
PASS interop:rust->rust:typage-keys:1pq:65536B
PASS interop:rust->go:typage-keys:1pq:65536B
PASS interop:rust->typage:typage-keys:1pq:65536B
PASS interop:rust->kage:typage-keys:1pq:65536B
PASS header-len:rust:1pq:65537B :: 1627
PASS interop:rust->rust:typage-keys:1pq:65537B
PASS interop:rust->go:typage-keys:1pq:65537B
PASS interop:rust->typage:typage-keys:1pq:65537B
PASS interop:rust->kage:typage-keys:1pq:65537B
PASS header-len:rust:1pq:196615B :: 1627
PASS interop:rust->rust:typage-keys:1pq:196615B
PASS interop:rust->go:typage-keys:1pq:196615B
PASS interop:rust->typage:typage-keys:1pq:196615B
PASS interop:rust->kage:typage-keys:1pq:196615B
PASS header-len:rust:1pq:5242883B :: 1627
PASS interop:rust->rust:typage-keys:1pq:5242883B
PASS interop:rust->go:typage-keys:1pq:5242883B
PASS interop:rust->typage:typage-keys:1pq:5242883B
PASS interop:rust->kage:typage-keys:1pq:5242883B
PASS header-len:go:1pq:0B :: 1627
PASS interop:go->rust:typage-keys:1pq:0B
PASS interop:go->go:typage-keys:1pq:0B
PASS interop:go->typage:typage-keys:1pq:0B
PASS interop:go->kage:typage-keys:1pq:0B
PASS header-len:go:1pq:1B :: 1627
PASS interop:go->rust:typage-keys:1pq:1B
PASS interop:go->go:typage-keys:1pq:1B
PASS interop:go->typage:typage-keys:1pq:1B
PASS interop:go->kage:typage-keys:1pq:1B
PASS header-len:go:1pq:65535B :: 1627
PASS interop:go->rust:typage-keys:1pq:65535B
PASS interop:go->go:typage-keys:1pq:65535B
PASS interop:go->typage:typage-keys:1pq:65535B
PASS interop:go->kage:typage-keys:1pq:65535B
PASS header-len:go:1pq:65536B :: 1627
PASS interop:go->rust:typage-keys:1pq:65536B
PASS interop:go->go:typage-keys:1pq:65536B
PASS interop:go->typage:typage-keys:1pq:65536B
PASS interop:go->kage:typage-keys:1pq:65536B
PASS header-len:go:1pq:65537B :: 1627
PASS interop:go->rust:typage-keys:1pq:65537B
PASS interop:go->go:typage-keys:1pq:65537B
PASS interop:go->typage:typage-keys:1pq:65537B
PASS interop:go->kage:typage-keys:1pq:65537B
PASS header-len:go:1pq:196615B :: 1627
PASS interop:go->rust:typage-keys:1pq:196615B
PASS interop:go->go:typage-keys:1pq:196615B
PASS interop:go->typage:typage-keys:1pq:196615B
PASS interop:go->kage:typage-keys:1pq:196615B
PASS header-len:go:1pq:5242883B :: 1627
PASS interop:go->rust:typage-keys:1pq:5242883B
PASS interop:go->go:typage-keys:1pq:5242883B
PASS interop:go->typage:typage-keys:1pq:5242883B
PASS interop:go->kage:typage-keys:1pq:5242883B
PASS header-len:typage:1pq:0B :: 1627
PASS interop:typage->rust:typage-keys:1pq:0B
PASS interop:typage->go:typage-keys:1pq:0B
PASS interop:typage->typage:typage-keys:1pq:0B
PASS interop:typage->kage:typage-keys:1pq:0B
PASS header-len:typage:1pq:1B :: 1627
PASS interop:typage->rust:typage-keys:1pq:1B
PASS interop:typage->go:typage-keys:1pq:1B
PASS interop:typage->typage:typage-keys:1pq:1B
PASS interop:typage->kage:typage-keys:1pq:1B
PASS header-len:typage:1pq:65535B :: 1627
PASS interop:typage->rust:typage-keys:1pq:65535B
PASS interop:typage->go:typage-keys:1pq:65535B
PASS interop:typage->typage:typage-keys:1pq:65535B
PASS interop:typage->kage:typage-keys:1pq:65535B
PASS header-len:typage:1pq:65536B :: 1627
PASS interop:typage->rust:typage-keys:1pq:65536B
PASS interop:typage->go:typage-keys:1pq:65536B
PASS interop:typage->typage:typage-keys:1pq:65536B
PASS interop:typage->kage:typage-keys:1pq:65536B
PASS header-len:typage:1pq:65537B :: 1627
PASS interop:typage->rust:typage-keys:1pq:65537B
PASS interop:typage->go:typage-keys:1pq:65537B
PASS interop:typage->typage:typage-keys:1pq:65537B
PASS interop:typage->kage:typage-keys:1pq:65537B
PASS header-len:typage:1pq:196615B :: 1627
PASS interop:typage->rust:typage-keys:1pq:196615B
PASS interop:typage->go:typage-keys:1pq:196615B
PASS interop:typage->typage:typage-keys:1pq:196615B
PASS interop:typage->kage:typage-keys:1pq:196615B
PASS header-len:typage:1pq:5242883B :: 1627
PASS interop:typage->rust:typage-keys:1pq:5242883B
PASS interop:typage->go:typage-keys:1pq:5242883B
PASS interop:typage->typage:typage-keys:1pq:5242883B
PASS interop:typage->kage:typage-keys:1pq:5242883B
PASS header-len:kage:1pq:0B :: 1627
PASS interop:kage->rust:typage-keys:1pq:0B
PASS interop:kage->go:typage-keys:1pq:0B
PASS interop:kage->typage:typage-keys:1pq:0B
PASS interop:kage->kage:typage-keys:1pq:0B
PASS header-len:kage:1pq:1B :: 1627
PASS interop:kage->rust:typage-keys:1pq:1B
PASS interop:kage->go:typage-keys:1pq:1B
PASS interop:kage->typage:typage-keys:1pq:1B
PASS interop:kage->kage:typage-keys:1pq:1B
PASS header-len:kage:1pq:65535B :: 1627
PASS interop:kage->rust:typage-keys:1pq:65535B
PASS interop:kage->go:typage-keys:1pq:65535B
PASS interop:kage->typage:typage-keys:1pq:65535B
PASS interop:kage->kage:typage-keys:1pq:65535B
PASS header-len:kage:1pq:65536B :: 1627
PASS interop:kage->rust:typage-keys:1pq:65536B
PASS interop:kage->go:typage-keys:1pq:65536B
PASS interop:kage->typage:typage-keys:1pq:65536B
PASS interop:kage->kage:typage-keys:1pq:65536B
PASS header-len:kage:1pq:65537B :: 1627
PASS interop:kage->rust:typage-keys:1pq:65537B
PASS interop:kage->go:typage-keys:1pq:65537B
PASS interop:kage->typage:typage-keys:1pq:65537B
PASS interop:kage->kage:typage-keys:1pq:65537B
PASS header-len:kage:1pq:196615B :: 1627
PASS interop:kage->rust:typage-keys:1pq:196615B
PASS interop:kage->go:typage-keys:1pq:196615B
PASS interop:kage->typage:typage-keys:1pq:196615B
PASS interop:kage->kage:typage-keys:1pq:196615B
PASS header-len:kage:1pq:5242883B :: 1627
PASS interop:kage->rust:typage-keys:1pq:5242883B
PASS interop:kage->go:typage-keys:1pq:5242883B
PASS interop:kage->typage:typage-keys:1pq:5242883B
PASS interop:kage->kage:typage-keys:1pq:5242883B
PASS header-len:rust:2pq:0B :: 3184
PASS interop:rust->rust:typage-keys:2pq:0B
PASS interop:rust->go:typage-keys:2pq:0B
PASS interop:rust->typage:typage-keys:2pq:0B
PASS interop:rust->kage:typage-keys:2pq:0B
PASS header-len:rust:2pq:1B :: 3184
PASS interop:rust->rust:typage-keys:2pq:1B
PASS interop:rust->go:typage-keys:2pq:1B
PASS interop:rust->typage:typage-keys:2pq:1B
PASS interop:rust->kage:typage-keys:2pq:1B
PASS header-len:rust:2pq:65535B :: 3184
PASS interop:rust->rust:typage-keys:2pq:65535B
PASS interop:rust->go:typage-keys:2pq:65535B
PASS interop:rust->typage:typage-keys:2pq:65535B
PASS interop:rust->kage:typage-keys:2pq:65535B
PASS header-len:rust:2pq:65536B :: 3184
PASS interop:rust->rust:typage-keys:2pq:65536B
PASS interop:rust->go:typage-keys:2pq:65536B
PASS interop:rust->typage:typage-keys:2pq:65536B
PASS interop:rust->kage:typage-keys:2pq:65536B
PASS header-len:rust:2pq:65537B :: 3184
PASS interop:rust->rust:typage-keys:2pq:65537B
PASS interop:rust->go:typage-keys:2pq:65537B
PASS interop:rust->typage:typage-keys:2pq:65537B
PASS interop:rust->kage:typage-keys:2pq:65537B
PASS header-len:rust:2pq:196615B :: 3184
PASS interop:rust->rust:typage-keys:2pq:196615B
PASS interop:rust->go:typage-keys:2pq:196615B
PASS interop:rust->typage:typage-keys:2pq:196615B
PASS interop:rust->kage:typage-keys:2pq:196615B
PASS header-len:rust:2pq:5242883B :: 3184
PASS interop:rust->rust:typage-keys:2pq:5242883B
PASS interop:rust->go:typage-keys:2pq:5242883B
PASS interop:rust->typage:typage-keys:2pq:5242883B
PASS interop:rust->kage:typage-keys:2pq:5242883B
PASS header-len:go:2pq:0B :: 3184
PASS interop:go->rust:typage-keys:2pq:0B
PASS interop:go->go:typage-keys:2pq:0B
PASS interop:go->typage:typage-keys:2pq:0B
PASS interop:go->kage:typage-keys:2pq:0B
PASS header-len:go:2pq:1B :: 3184
PASS interop:go->rust:typage-keys:2pq:1B
PASS interop:go->go:typage-keys:2pq:1B
PASS interop:go->typage:typage-keys:2pq:1B
PASS interop:go->kage:typage-keys:2pq:1B
PASS header-len:go:2pq:65535B :: 3184
PASS interop:go->rust:typage-keys:2pq:65535B
PASS interop:go->go:typage-keys:2pq:65535B
PASS interop:go->typage:typage-keys:2pq:65535B
PASS interop:go->kage:typage-keys:2pq:65535B
PASS header-len:go:2pq:65536B :: 3184
PASS interop:go->rust:typage-keys:2pq:65536B
PASS interop:go->go:typage-keys:2pq:65536B
PASS interop:go->typage:typage-keys:2pq:65536B
PASS interop:go->kage:typage-keys:2pq:65536B
PASS header-len:go:2pq:65537B :: 3184
PASS interop:go->rust:typage-keys:2pq:65537B
PASS interop:go->go:typage-keys:2pq:65537B
PASS interop:go->typage:typage-keys:2pq:65537B
PASS interop:go->kage:typage-keys:2pq:65537B
PASS header-len:go:2pq:196615B :: 3184
PASS interop:go->rust:typage-keys:2pq:196615B
PASS interop:go->go:typage-keys:2pq:196615B
PASS interop:go->typage:typage-keys:2pq:196615B
PASS interop:go->kage:typage-keys:2pq:196615B
PASS header-len:go:2pq:5242883B :: 3184
PASS interop:go->rust:typage-keys:2pq:5242883B
PASS interop:go->go:typage-keys:2pq:5242883B
PASS interop:go->typage:typage-keys:2pq:5242883B
PASS interop:go->kage:typage-keys:2pq:5242883B
PASS header-len:typage:2pq:0B :: 3184
PASS interop:typage->rust:typage-keys:2pq:0B
PASS interop:typage->go:typage-keys:2pq:0B
PASS interop:typage->typage:typage-keys:2pq:0B
PASS interop:typage->kage:typage-keys:2pq:0B
PASS header-len:typage:2pq:1B :: 3184
PASS interop:typage->rust:typage-keys:2pq:1B
PASS interop:typage->go:typage-keys:2pq:1B
PASS interop:typage->typage:typage-keys:2pq:1B
PASS interop:typage->kage:typage-keys:2pq:1B
PASS header-len:typage:2pq:65535B :: 3184
PASS interop:typage->rust:typage-keys:2pq:65535B
PASS interop:typage->go:typage-keys:2pq:65535B
PASS interop:typage->typage:typage-keys:2pq:65535B
PASS interop:typage->kage:typage-keys:2pq:65535B
PASS header-len:typage:2pq:65536B :: 3184
PASS interop:typage->rust:typage-keys:2pq:65536B
PASS interop:typage->go:typage-keys:2pq:65536B
PASS interop:typage->typage:typage-keys:2pq:65536B
PASS interop:typage->kage:typage-keys:2pq:65536B
PASS header-len:typage:2pq:65537B :: 3184
PASS interop:typage->rust:typage-keys:2pq:65537B
PASS interop:typage->go:typage-keys:2pq:65537B
PASS interop:typage->typage:typage-keys:2pq:65537B
PASS interop:typage->kage:typage-keys:2pq:65537B
PASS header-len:typage:2pq:196615B :: 3184
PASS interop:typage->rust:typage-keys:2pq:196615B
PASS interop:typage->go:typage-keys:2pq:196615B
PASS interop:typage->typage:typage-keys:2pq:196615B
PASS interop:typage->kage:typage-keys:2pq:196615B
PASS header-len:typage:2pq:5242883B :: 3184
PASS interop:typage->rust:typage-keys:2pq:5242883B
PASS interop:typage->go:typage-keys:2pq:5242883B
PASS interop:typage->typage:typage-keys:2pq:5242883B
PASS interop:typage->kage:typage-keys:2pq:5242883B
PASS header-len:kage:2pq:0B :: 3184
PASS interop:kage->rust:typage-keys:2pq:0B
PASS interop:kage->go:typage-keys:2pq:0B
PASS interop:kage->typage:typage-keys:2pq:0B
PASS interop:kage->kage:typage-keys:2pq:0B
PASS header-len:kage:2pq:1B :: 3184
PASS interop:kage->rust:typage-keys:2pq:1B
PASS interop:kage->go:typage-keys:2pq:1B
PASS interop:kage->typage:typage-keys:2pq:1B
PASS interop:kage->kage:typage-keys:2pq:1B
PASS header-len:kage:2pq:65535B :: 3184
PASS interop:kage->rust:typage-keys:2pq:65535B
PASS interop:kage->go:typage-keys:2pq:65535B
PASS interop:kage->typage:typage-keys:2pq:65535B
PASS interop:kage->kage:typage-keys:2pq:65535B
PASS header-len:kage:2pq:65536B :: 3184
PASS interop:kage->rust:typage-keys:2pq:65536B
PASS interop:kage->go:typage-keys:2pq:65536B
PASS interop:kage->typage:typage-keys:2pq:65536B
PASS interop:kage->kage:typage-keys:2pq:65536B
PASS header-len:kage:2pq:65537B :: 3184
PASS interop:kage->rust:typage-keys:2pq:65537B
PASS interop:kage->go:typage-keys:2pq:65537B
PASS interop:kage->typage:typage-keys:2pq:65537B
PASS interop:kage->kage:typage-keys:2pq:65537B
PASS header-len:kage:2pq:196615B :: 3184
PASS interop:kage->rust:typage-keys:2pq:196615B
PASS interop:kage->go:typage-keys:2pq:196615B
PASS interop:kage->typage:typage-keys:2pq:196615B
PASS interop:kage->kage:typage-keys:2pq:196615B
PASS header-len:kage:2pq:5242883B :: 3184
PASS interop:kage->rust:typage-keys:2pq:5242883B
PASS interop:kage->go:typage-keys:2pq:5242883B
PASS interop:kage->typage:typage-keys:2pq:5242883B
PASS interop:kage->kage:typage-keys:2pq:5242883B
PASS mixing:go-refuses :: age: error: incompatible recipients: can't mix post-quantum and classic recipients, or the file would be vulnerable to q
PASS mixing:rust-refuses :: error: E_MIXED_RECIPIENTS: can't mix post-quantum and classic recipients
PASS mixing:typage-behaviour-recorded :: typage exit=0 
PASS mixing:kage-behaviour-recorded :: kage exit=1 at kage.Age.encryptInternal(Age.kt:296)
{"matrix": {"go->go": {"ok": 42, "fail": 0}, "go->kage": {"ok": 42, "fail": 0}, "go->rust": {"ok": 42, "fail": 0}, "go->typage": {"ok": 42, "fail": 0}, "kage->go": {"ok": 42, "fail": 0}, "kage->kage": {"ok": 42, "fail": 0}, "kage->rust": {"ok": 42, "fail": 0}, "kage->typage": {"ok": 42, "fail": 0}, "rust->go": {"ok": 42, "fail": 0}, "rust->kage": {"ok": 42, "fail": 0}, "rust->rust": {"ok": 42, "fail": 0}, "rust->typage": {"ok": 42, "fail": 0}, "typage->go": {"ok": 42, "fail": 0}, "typage->kage": {"ok": 42, "fail": 0}, "typage->rust": {"ok": 42, "fail": 0}, "typage->typage": {"ok": 42, "fail": 0}}, "passed": 853, "failed": 0}
