== host: Linux 6.18.44-fc-v37 x86_64; 4 vCPU; rustc 1.94.1; date 2026-09-29
27 | enum State {
28 |     Local,
29 |     CloudOnly,

== cargo check x86_64-pc-windows-gnu: ok
== cargo check aarch64-apple-darwin: ok
== generate SYN scale 1 on ext4
{"files": 23805, "bytes": 59676194021}
== correctness + H3 output check (--exif --list-candidate-folders)
34/34 checks passed
candidate folders shown on screen only: 3; exported: candidate_media_folders_outside_usual_places,3
== open() audit with strace (emulated placeholders = sticky-bit files)
mode=[default] regular-file opens=400  of which emulated placeholders=0
mode=[--exif] regular-file opens=8950  of which emulated placeholders=0
placeholders in tree: 550
== consent prompt: answering 'no' saves nothing
ok: nothing saved
== timing, scale 1 on disk (cold = after drop_caches, if permitted)
cold [default] Counted 23805 files in 0.4 s.
cold [default] Counted 23805 files in 0.3 s.
cold [default] Counted 23805 files in 0.3 s.
cold [--exif] Counted 23805 files in 1.4 s.
cold [--exif] Counted 23805 files in 1.4 s.
cold [--exif] Counted 23805 files in 1.4 s.
== timing, ~500k files on tmpfs
tmpfs (warm; RAM-backed if tmpfs)
{"files": 499905, "bytes": 1269477242863}
[default] Counted 499905 files in 1.9 s.
[default] Counted 499905 files in 1.7 s.
[default] Counted 499905 files in 1.5 s.
[--exif] Counted 499905 files in 5.8 s.
[--exif] Counted 499905 files in 5.8 s.
[--exif] Counted 499905 files in 5.7 s.
FAIL location other/local/other  :: truth [4200, 350596622]; census (4198, 350571242)
33/34 checks passed
