PASS a:complete
PASS a:wire-consistent (no offset ever sent with two values) :: attempt files=27
PASS a:go-age-decrypts-exact-sha256
PASS a:rust-decrypts-exact-sha256
PASS a:prefix-len :: 1643
PASS a:ingest
PASS a:receipt-valid
PASS a:no-key-survives-commit :: {'hits': [], 'leftover_files': []}
PASS b:complete
PASS b:wire-consistent (no offset ever sent with two values) :: attempt files=64
PASS b:go-age-decrypts-exact-sha256
PASS b:rust-decrypts-exact-sha256
PASS b:prefix-len :: 1643
PASS b:ingest
PASS b:receipt-valid
PASS b:no-key-survives-commit :: {'hits': [], 'leftover_files': []}
PASS c:complete
PASS c:wire-consistent (no offset ever sent with two values) :: attempt files=12
PASS c:go-age-decrypts-exact-sha256
PASS c:rust-decrypts-exact-sha256
PASS c:prefix-len :: 1643
PASS c:ingest
PASS c:receipt-valid
PASS c:no-key-survives-commit :: {'hits': [], 'leftover_files': []}
PASS d:complete
PASS d:wire-consistent (no offset ever sent with two values) :: attempt files=30
PASS d:go-age-decrypts-exact-sha256
PASS d:rust-decrypts-exact-sha256
PASS d:prefix-len :: 1643
PASS d:ingest
PASS d:receipt-valid
PASS d:no-key-survives-commit :: {'hits': [], 'leftover_files': []}
PASS e:complete
PASS e:wire-consistent (no offset ever sent with two values) :: attempt files=36
PASS e:go-age-decrypts-exact-sha256
PASS e:rust-decrypts-exact-sha256
PASS e:prefix-len :: 1643
PASS e:ingest
PASS e:receipt-valid
PASS e:no-key-survives-commit :: {'hits': [], 'leftover_files': []}
PASS x0:complete
PASS x0:wire-consistent (no offset ever sent with two values) :: attempt files=37
PASS x0:go-age-decrypts-exact-sha256
PASS x0:rust-decrypts-exact-sha256
PASS x0:prefix-len :: 1643
PASS x0:ingest
PASS x0:receipt-valid
PASS x0:no-key-survives-commit :: {'hits': [], 'leftover_files': []}
PASS x1:complete
PASS x1:wire-consistent (no offset ever sent with two values) :: attempt files=35
PASS x1:go-age-decrypts-exact-sha256
PASS x1:rust-decrypts-exact-sha256
PASS x1:prefix-len :: 1643
PASS x1:ingest
PASS x1:receipt-valid
PASS x1:no-key-survives-commit :: {'hits': [], 'leftover_files': []}
PASS x2:complete
PASS x2:wire-consistent (no offset ever sent with two values) :: attempt files=35
PASS x2:go-age-decrypts-exact-sha256
PASS x2:rust-decrypts-exact-sha256
PASS x2:prefix-len :: 1643
PASS x2:ingest
PASS x2:receipt-valid
PASS x2:no-key-survives-commit :: {'hits': [], 'leftover_files': []}
PASS x3:complete
PASS x3:wire-consistent (no offset ever sent with two values) :: attempt files=38
PASS x3:go-age-decrypts-exact-sha256
PASS x3:rust-decrypts-exact-sha256
PASS x3:prefix-len :: 1643
PASS x3:ingest
PASS x3:receipt-valid
PASS x3:no-key-survives-commit :: {'hits': [], 'leftover_files': []}
PASS x4:complete
PASS x4:wire-consistent (no offset ever sent with two values) :: attempt files=35
PASS x4:go-age-decrypts-exact-sha256
PASS x4:rust-decrypts-exact-sha256
PASS x4:prefix-len :: 1643
PASS x4:ingest
PASS x4:receipt-valid
PASS x4:no-key-survives-commit :: {'hits': [], 'leftover_files': []}
PASS x5:complete
PASS x5:wire-consistent (no offset ever sent with two values) :: attempt files=36
PASS x5:go-age-decrypts-exact-sha256
PASS x5:rust-decrypts-exact-sha256
PASS x5:prefix-len :: 1643
PASS x5:ingest
PASS x5:receipt-valid
PASS x5:no-key-survives-commit :: {'hits': [], 'leftover_files': []}
PASS x6:complete
PASS x6:wire-consistent (no offset ever sent with two values) :: attempt files=37
PASS x6:go-age-decrypts-exact-sha256
PASS x6:rust-decrypts-exact-sha256
PASS x6:prefix-len :: 1643
PASS x6:ingest
PASS x6:receipt-valid
PASS x6:no-key-survives-commit :: {'hits': [], 'leftover_files': []}
PASS x7:complete
PASS x7:wire-consistent (no offset ever sent with two values) :: attempt files=35
PASS x7:go-age-decrypts-exact-sha256
PASS x7:rust-decrypts-exact-sha256
PASS x7:prefix-len :: 1643
PASS x7:ingest
PASS x7:receipt-valid
PASS x7:no-key-survives-commit :: {'hits': [], 'leftover_files': []}
PASS x8:complete
PASS x8:wire-consistent (no offset ever sent with two values) :: attempt files=36
PASS x8:go-age-decrypts-exact-sha256
PASS x8:rust-decrypts-exact-sha256
PASS x8:prefix-len :: 1643
PASS x8:ingest
PASS x8:receipt-valid
PASS x8:no-key-survives-commit :: {'hits': [], 'leftover_files': []}
PASS x9:complete
PASS x9:wire-consistent (no offset ever sent with two values) :: attempt files=34
PASS x9:go-age-decrypts-exact-sha256
PASS x9:rust-decrypts-exact-sha256
PASS x9:prefix-len :: 1643
PASS x9:ingest
PASS x9:receipt-valid
PASS x9:no-key-survives-commit :: {'hits': [], 'leftover_files': []}
PASS all-uploads:payload-nonces-unique :: 15
PASS all-uploads:header-macs-unique :: 15
PASS per-kill:at-most-one-segment-re-encrypted :: {'kills': 50, 'max_resent_parts_per_kill': 1, 'total_resent': 49}
PASS kills:count :: 50
PASS edit-after-kill:refused-with-exit-65 :: [{'trial': 1, 'edited_chunk': 12, 'stat_check_bypassed': False, 'resume_exit': 65, 'stderr': 'error: SOURCE CHANGED since the pass-1 snapshot: abort this upload, re-queue the file', 'wire_consistent': True}, {'trial': 2, 'edited_chunk': 16, 'stat_check_bypassed': True, 'resume_exit': 65, 'stderr': 'error: SOURCE CHANGED in chunk 16 (part 5): refusing to re-encrypt under the same key', 'wire_consistent': True}, {'trial': 3, 'edited_chunk': 15, 'stat_check_bypassed': False, 'resume_exit': 65, 'stderr': 'error: SOURCE CHANGED since the pass-1 snapshot: abort this upload, re-queue the file', 'wire_consistent': True}, {'trial': 4, 'edited_chunk': 2, 'stat_check_bypassed': True, 'resume_exit': 65, 'stderr': 'error: SOURCE CHANGED in chunk 2 (part 1): refusing to re-encrypt under the same key', 'wire_consistent': True}, {'trial': 5, 'edited_chunk': 6, 'stat_check_bypassed': False, 'resume_exit': 65, 'stderr': 'error: SOURCE CHANGED since the pass-1 snapshot: abort this upload, re-queue the file', 'wire_consistent': True}, {'trial': 6, 'edited_chunk': 12, 'stat_check_bypassed': True, 'resume_exit': 65, 'stderr': 'error: SOURCE CHANGED in chunk 12 (part 4): refusing to re-encrypt under the same key', 'wire_consistent': True}]
PASS edit-after-kill:journal-guard-alone-refuses
PASS edit-after-kill:wire-consistent
{"stanzas": 1, "kills": 50, "passed": 127, "failed": 0}
