V0-ADR-0001-literal                    none    states=      8 violations=S1         (0.0s)
V0-ADR-0001-literal                    device  states=     25 violations=S1,SL,L1   (0.0s)
V0-ADR-0001-literal                    leak    states=     29 violations=S1,SL,S3,L1 (0.01s)
V0-ADR-0001-literal                    fault   states=     11 violations=S1,SL,L1   (0.0s)
V0-ADR-0001-literal                    cloud   states=     80 violations=S1,SL,S3   (0.01s)
V1-proposed                            none    states=    167 violations=-          (0.05s)
V1-proposed                            device  states=    368 violations=-          (0.12s)
V1-proposed                            leak    states=    948 violations=-          (0.27s)
V1-proposed                            fault   states=    352 violations=-          (0.08s)
V1-proposed                            cloud   states=   1024 violations=-          (0.25s)
V1+create_only                         none    states=    172 violations=-          (0.04s)
V1+create_only                         device  states=    377 violations=-          (0.08s)
V1+create_only                         leak    states=    652 violations=-          (0.16s)
V1+create_only                         fault   states=    377 violations=-          (0.1s)
V1+create_only                         cloud   states=   1114 violations=-          (0.3s)
V1-no-per_upload_keys                  none    states=     80 violations=-          (0.01s)
V1-no-per_upload_keys                  device  states=    192 violations=-          (0.02s)
V1-no-per_upload_keys                  leak    states=    324 violations=-          (0.05s)
V1-no-per_upload_keys                  fault   states=    163 violations=-          (0.03s)
V1-no-per_upload_keys                  cloud   states=    528 violations=-          (0.09s)
V1-no-receipts                         none    states=      7 violations=S1         (0.0s)
V1-no-receipts                         device  states=     23 violations=S1         (0.0s)
V1-no-receipts                         leak    states=     20 violations=S1,SL,L1   (0.01s)
V1-no-receipts                         fault   states=      9 violations=S1,SL,L1   (0.0s)
V1-no-receipts                         cloud   states=     60 violations=S1,SL      (0.0s)
V1-no-pinned_trust                     none    states=    167 violations=-          (0.05s)
V1-no-pinned_trust                     device  states=    368 violations=-          (0.1s)
V1-no-pinned_trust                     leak    states=    948 violations=-          (0.25s)
V1-no-pinned_trust                     fault   states=    352 violations=-          (0.09s)
V1-no-pinned_trust                     cloud   states=   3643 violations=S1,SL      (1.52s)
V1-no-ttl                              none    states=     16 violations=-          (0.0s)
V1-no-ttl                              device  states=     18 violations=L1         (0.0s)
V1-no-ttl                              leak    states=    104 violations=-          (0.01s)
V1-no-ttl                              fault   states=     42 violations=-          (0.01s)
V1-no-ttl                              cloud   states=    114 violations=-          (0.01s)
V1-no-staged_state                     none    states=    179 violations=-          (0.05s)
V1-no-staged_state                     device  states=    389 violations=-          (0.09s)
V1-no-staged_state                     leak    states=   1016 violations=-          (0.35s)
V1-no-staged_state                     fault   states=    392 violations=-          (0.05s)
V1-no-staged_state                     cloud   states=   1160 violations=-          (0.31s)
V1-no-reset_on_reject                  none    states=    167 violations=-          (0.04s)
V1-no-reset_on_reject                  device  states=    368 violations=-          (0.09s)
V1-no-reset_on_reject                  leak    states=    959 violations=-          (0.29s)
V1-no-reset_on_reject                  fault   states=    352 violations=-          (0.08s)
V1-no-reset_on_reject                  cloud   states=   1036 violations=-          (0.27s)
V1-no-requery                          none    states=      8 violations=-          (0.0s)
V1-no-requery                          device  states=     25 violations=L1         (0.0s)
V1-no-requery                          leak    states=     24 violations=L1         (0.0s)
V1-no-requery                          fault   states=     10 violations=L1         (0.0s)
V1-no-requery                          cloud   states=     61 violations=-          (0.01s)
V1-no-attribution                      none    states=    167 violations=-          (0.03s)
V1-no-attribution                      device  states=    368 violations=-          (0.13s)
V1-no-attribution                      leak    states=    948 violations=S3         (0.3s)
V1-no-attribution                      fault   states=    352 violations=-          (0.09s)
V1-no-attribution                      cloud   states=   1116 violations=S3         (0.38s)
V1-no-homelab_verify                   none    states=    167 violations=-          (0.05s)
V1-no-homelab_verify                   device  states=    368 violations=-          (0.11s)
V1-no-homelab_verify                   leak    states=   1048 violations=S1,SL,S2,L1 (0.35s)
V1-no-homelab_verify                   fault   states=    352 violations=-          (0.14s)
V1-no-homelab_verify                   cloud   states=   1029 violations=S2         (0.4s)
V1-no-registry_auth                    none    states=    167 violations=-          (0.06s)
V1-no-registry_auth                    device  states=    368 violations=-          (0.14s)
V1-no-registry_auth                    leak    states=    948 violations=-          (0.35s)
V1-no-registry_auth                    fault   states=    352 violations=-          (0.1s)
V1-no-registry_auth                    cloud   states=   1176 violations=-          (0.2s)
V1-no-reconcile_missing                none    states=    167 violations=-          (0.03s)
V1-no-reconcile_missing                device  states=    368 violations=-          (0.06s)
V1-no-reconcile_missing                leak    states=    948 violations=-          (0.32s)
V1-no-reconcile_missing                fault   states=    352 violations=L1         (0.1s)
V1-no-reconcile_missing                cloud   states=   1024 violations=-          (0.18s)
V1-no-per_upload_keys+create_only      none    states=     82 violations=-          (0.01s)
V1-no-per_upload_keys+create_only      device  states=    190 violations=-          (0.02s)
V1-no-per_upload_keys+create_only      leak    states=    240 violations=-          (0.03s)
V1-no-per_upload_keys+create_only      fault   states=    172 violations=-          (0.01s)
V1-no-per_upload_keys+create_only      cloud   states=    558 violations=-          (0.07s)
