V0-ADR-0001-literal                    none    states=      8 violations=S1         (0.0s)
V0-ADR-0001-literal                    device  states=    146 violations=S1,SL,S3,L1 (0.01s)
V0-ADR-0001-literal                    leak    states=     73 violations=S1,SL,S3,L1 (0.01s)
V0-ADR-0001-literal                    fault   states=     11 violations=S1,SL,L1   (0.0s)
V0-ADR-0001-literal                    cloud   states=   1142 violations=S1,SL,S3   (0.22s)
V1-proposed                            none    states=    167 violations=-          (0.03s)
V1-proposed                            device  states=   1142 violations=-          (0.34s)
V1-proposed                            leak    states=   4787 violations=-          (1.37s)
V1-proposed                            fault   states=    732 violations=-          (0.15s)
V1-proposed                            cloud   states=  15828 violations=-          (4.41s)
V1+create_only                         none    states=    172 violations=-          (0.03s)
V1+create_only                         device  states=   1167 violations=-          (0.23s)
V1+create_only                         leak    states=   2084 violations=-          (0.41s)
V1+create_only                         fault   states=    832 violations=-          (0.09s)
V1+create_only                         cloud   states=  17880 violations=-          (3.55s)
V1-no-per_upload_keys                  none    states=     80 violations=-          (0.0s)
V1-no-per_upload_keys                  device  states=    775 violations=-          (0.08s)
V1-no-per_upload_keys                  leak    states=    898 violations=-          (0.09s)
V1-no-per_upload_keys                  fault   states=    292 violations=-          (0.02s)
V1-no-per_upload_keys                  cloud   states=   5784 violations=-          (0.67s)
V1-no-receipts                         none    states=      7 violations=S1         (0.0s)
V1-no-receipts                         device  states=     79 violations=S1         (0.01s)
V1-no-receipts                         leak    states=     39 violations=S1,SL,L1   (0.0s)
V1-no-receipts                         fault   states=      9 violations=S1,SL,L1   (0.0s)
V1-no-receipts                         cloud   states=    444 violations=S1,SL      (0.05s)
V1-no-pinned_trust                     none    states=    167 violations=-          (0.02s)
V1-no-pinned_trust                     device  states=   1142 violations=-          (0.21s)
V1-no-pinned_trust                     leak    states=   4787 violations=-          (0.98s)
V1-no-pinned_trust                     fault   states=    732 violations=-          (0.14s)
V1-no-pinned_trust                     cloud   states= 118045 violations=S1,SL      (44.6s)
V1-no-ttl                              none    states=     16 violations=-          (0.0s)
V1-no-ttl                              device  states=     39 violations=L1         (0.0s)
V1-no-ttl                              leak    states=   1050 violations=-          (0.15s)
V1-no-ttl                              fault   states=    110 violations=-          (0.01s)
V1-no-ttl                              cloud   states=   1664 violations=-          (0.11s)
V1-no-staged_state                     none    states=    179 violations=-          (0.01s)
V1-no-staged_state                     device  states=   1199 violations=-          (0.13s)
V1-no-staged_state                     leak    states=   5155 violations=-          (0.65s)
V1-no-staged_state                     fault   states=    836 violations=-          (0.08s)
V1-no-staged_state                     cloud   states=  18176 violations=-          (2.73s)
V1-no-reset_on_reject                  none    states=    167 violations=-          (0.01s)
V1-no-reset_on_reject                  device  states=   1172 violations=-          (0.12s)
V1-no-reset_on_reject                  leak    states=   4892 violations=-          (0.69s)
V1-no-reset_on_reject                  fault   states=    732 violations=-          (0.09s)
V1-no-reset_on_reject                  cloud   states=  16024 violations=-          (2.39s)
V1-no-requery                          none    states=      8 violations=-          (0.0s)
V1-no-requery                          device  states=     85 violations=L1         (0.01s)
V1-no-requery                          leak    states=     48 violations=L1         (0.0s)
V1-no-requery                          fault   states=     10 violations=L1         (0.0s)
V1-no-requery                          cloud   states=    462 violations=-          (0.03s)
V1-no-attribution                      none    states=    167 violations=-          (0.02s)
V1-no-attribution                      device  states=   1142 violations=-          (0.13s)
V1-no-attribution                      leak    states=   4787 violations=S3         (0.69s)
V1-no-attribution                      fault   states=    732 violations=-          (0.07s)
V1-no-attribution                      cloud   states=  21097 violations=S3         (3.43s)
V1-no-homelab_verify                   none    states=    167 violations=-          (0.01s)
V1-no-homelab_verify                   device  states=   1436 violations=S1,SL,S2,L1 (0.13s)
V1-no-homelab_verify                   leak    states=   6377 violations=S1,SL,S2,L1 (0.71s)
V1-no-homelab_verify                   fault   states=    732 violations=-          (0.06s)
V1-no-homelab_verify                   cloud   states=  17597 violations=S1,SL,S2   (2.18s)
V1-no-registry_auth                    none    states=    167 violations=-          (0.02s)
V1-no-registry_auth                    device  states=   1142 violations=-          (0.15s)
V1-no-registry_auth                    leak    states=   4787 violations=-          (0.72s)
V1-no-registry_auth                    fault   states=    732 violations=-          (0.09s)
V1-no-registry_auth                    cloud   states=  26740 violations=-          (4.77s)
V1-no-reconcile_missing                none    states=    167 violations=-          (0.01s)
V1-no-reconcile_missing                device  states=   1142 violations=-          (0.13s)
V1-no-reconcile_missing                leak    states=   4787 violations=-          (0.54s)
V1-no-reconcile_missing                fault   states=    732 violations=L1         (0.07s)
V1-no-reconcile_missing                cloud   states=  15828 violations=-          (2.56s)
V1-no-per_upload_keys+create_only      none    states=     82 violations=-          (0.0s)
V1-no-per_upload_keys+create_only      device  states=    566 violations=-          (0.03s)
V1-no-per_upload_keys+create_only      leak    states=    544 violations=-          (0.04s)
V1-no-per_upload_keys+create_only      fault   states=    321 violations=-          (0.02s)
V1-no-per_upload_keys+create_only      cloud   states=   6430 violations=-          (0.87s)
