V0-ADR-0001-literal                    none    states=      8 violations=S1         (0.0s)
V0-ADR-0001-literal                    device  states=     82 violations=S1,SL,S3,L1 (0.01s)
V0-ADR-0001-literal                    leak    states=     53 violations=S1,SL,S3,L1 (0.0s)
V0-ADR-0001-literal                    fault   states=     11 violations=S1,SL,L1   (0.0s)
V0-ADR-0001-literal                    cloud   states=    370 violations=S1,SL,S3   (0.04s)
V1-proposed                            none    states=    167 violations=-          (0.04s)
V1-proposed                            device  states=    740 violations=-          (0.09s)
V1-proposed                            leak    states=   2596 violations=-          (0.49s)
V1-proposed                            fault   states=    542 violations=-          (0.08s)
V1-proposed                            cloud   states=   5106 violations=-          (1.06s)
V1+create_only                         none    states=    172 violations=-          (0.02s)
V1+create_only                         device  states=    757 violations=-          (0.2s)
V1+create_only                         leak    states=   1340 violations=-          (0.27s)
V1+create_only                         fault   states=    602 violations=-          (0.05s)
V1+create_only                         cloud   states=   5670 violations=-          (1.27s)
V1-no-per_upload_keys                  none    states=     80 violations=-          (0.0s)
V1-no-per_upload_keys                  device  states=    477 violations=-          (0.03s)
V1-no-per_upload_keys                  leak    states=    634 violations=-          (0.05s)
V1-no-per_upload_keys                  fault   states=    230 violations=-          (0.02s)
V1-no-per_upload_keys                  cloud   states=   2208 violations=-          (0.33s)
V1-no-receipts                         none    states=      7 violations=S1         (0.0s)
V1-no-receipts                         device  states=     47 violations=S1         (0.0s)
V1-no-receipts                         leak    states=     31 violations=S1,SL,L1   (0.01s)
V1-no-receipts                         fault   states=      9 violations=S1,SL,L1   (0.0s)
V1-no-receipts                         cloud   states=    199 violations=S1,SL      (0.02s)
V1-no-pinned_trust                     none    states=    167 violations=-          (0.02s)
V1-no-pinned_trust                     device  states=    740 violations=-          (0.19s)
V1-no-pinned_trust                     leak    states=   2596 violations=-          (0.39s)
V1-no-pinned_trust                     fault   states=    542 violations=-          (0.1s)
V1-no-pinned_trust                     cloud   states=  29141 violations=S1,SL      (6.7s)
V1-no-ttl                              none    states=     16 violations=-          (0.0s)
V1-no-ttl                              device  states=     37 violations=L1         (0.0s)
V1-no-ttl                              leak    states=    386 violations=-          (0.04s)
V1-no-ttl                              fault   states=     76 violations=-          (0.0s)
V1-no-ttl                              cloud   states=    544 violations=-          (0.05s)
V1-no-staged_state                     none    states=    179 violations=-          (0.02s)
V1-no-staged_state                     device  states=    779 violations=-          (0.11s)
V1-no-staged_state                     leak    states=   2788 violations=-          (0.58s)
V1-no-staged_state                     fault   states=    614 violations=-          (0.07s)
V1-no-staged_state                     cloud   states=   5826 violations=-          (0.91s)
V1-no-reset_on_reject                  none    states=    167 violations=-          (0.01s)
V1-no-reset_on_reject                  device  states=    770 violations=-          (0.17s)
V1-no-reset_on_reject                  leak    states=   2641 violations=-          (0.78s)
V1-no-reset_on_reject                  fault   states=    542 violations=-          (0.07s)
V1-no-reset_on_reject                  cloud   states=   5178 violations=-          (0.8s)
V1-no-requery                          none    states=      8 violations=-          (0.0s)
V1-no-requery                          device  states=     51 violations=L1         (0.0s)
V1-no-requery                          leak    states=     38 violations=L1         (0.0s)
V1-no-requery                          fault   states=     10 violations=L1         (0.0s)
V1-no-requery                          cloud   states=    205 violations=-          (0.02s)
V1-no-attribution                      none    states=    167 violations=-          (0.02s)
V1-no-attribution                      device  states=    740 violations=-          (0.15s)
V1-no-attribution                      leak    states=   2596 violations=S3         (0.35s)
V1-no-attribution                      fault   states=    542 violations=-          (0.06s)
V1-no-attribution                      cloud   states=   6147 violations=S3         (0.93s)
V1-no-homelab_verify                   none    states=    167 violations=-          (0.01s)
V1-no-homelab_verify                   device  states=    902 violations=S1,SL,S2,L1 (0.11s)
V1-no-homelab_verify                   leak    states=   3176 violations=S1,SL,S2,L1 (0.37s)
V1-no-homelab_verify                   fault   states=    542 violations=-          (0.06s)
V1-no-homelab_verify                   cloud   states=   5339 violations=S1,SL,S2   (0.98s)
V1-no-registry_auth                    none    states=    167 violations=-          (0.01s)
V1-no-registry_auth                    device  states=    740 violations=-          (0.14s)
V1-no-registry_auth                    leak    states=   2596 violations=-          (0.46s)
V1-no-registry_auth                    fault   states=    542 violations=-          (0.06s)
V1-no-registry_auth                    cloud   states=   7013 violations=-          (1.12s)
V1-no-reconcile_missing                none    states=    167 violations=-          (0.02s)
V1-no-reconcile_missing                device  states=    740 violations=-          (0.18s)
V1-no-reconcile_missing                leak    states=   2596 violations=-          (0.54s)
V1-no-reconcile_missing                fault   states=    542 violations=L1         (0.1s)
V1-no-reconcile_missing                cloud   states=   5106 violations=-          (1.08s)
V1-no-per_upload_keys+create_only      none    states=     82 violations=-          (0.01s)
V1-no-per_upload_keys+create_only      device  states=    367 violations=-          (0.05s)
V1-no-per_upload_keys+create_only      leak    states=    392 violations=-          (0.04s)
V1-no-per_upload_keys+create_only      fault   states=    249 violations=-          (0.03s)
V1-no-per_upload_keys+create_only      cloud   states=   2396 violations=-          (0.49s)
