(200, {'ok': True})
trial 0 winners 1 elapsed 0s
trial 1000 winners 1 elapsed 176s
trial 2000 winners 1 elapsed 402s
trial 3000 winners 1 elapsed 596s
trial 4000 winners 1 elapsed 787s
trial 5000 winners 1 elapsed 977s
trial 6000 winners 1 elapsed 1168s
trial 7000 winners 1 elapsed 1384s
trial 8000 winners 1 elapsed 1554s
trial 9000 winners 1 elapsed 1741s
{
 "store": "d1",
 "concurrency": 50,
 "trials": 10000,
 "takeover_every": 10,
 "winners_histogram": {
  "1": 10000
 },
 "bad_trials": [],
 "bad_trial_count": 0,
 "non200_responses": 0,
 "client_errors": [],
 "client_error_count": 0,
 "post_check": {
  "dup_ids": 0,
  "sample": [],
  "rows": 11001,
  "distinct_ids": 10001,
  "events": 11001
 },
 "wall_s": 1914.3,
 "requests": 500000,
 "latency_ms": {
  "p50": 155.7,
  "p99": 372.9,
  "max": 788.45,
  "mean": 162.67
 },
 "finished_utc": "2026-10-06T20:49:41Z"
}
