V0-ADR-0001-literal                    none    states=     61 violations=S1         (0.01s)
V0-ADR-0001-literal                    device  states=    159 violations=S1,SL,L1   (0.01s)
V0-ADR-0001-literal                    leak    states=    305 violations=S1,SL,S3,L1 (0.03s)
V0-ADR-0001-literal                    fault   states=    100 violations=S1,SL,L1   (0.01s)
V0-ADR-0001-literal                    cloud   states=    662 violations=S1,SL,S3   (0.08s)
V1-proposed                            none    states=  35322 violations=-          (8.47s)
V1-proposed                            device  states=  71118 violations=-          (18.25s)
V1-proposed                            leak    states= 284671 violations=-          (92.19s)
V1-proposed                            fault   states=  86549 violations=-          (25.46s)
V1-proposed                            cloud   states= 126873 violations=-          (31.91s)
V1+create_only                         none    states=  35451 violations=-          (8.0s)
V1+create_only                         device  states=  71367 violations=-          (16.89s)
V1+create_only                         leak    states= 179407 violations=-          (83.38s)
V1+create_only                         fault   states=  87387 violations=-          (41.28s)
V1+create_only                         cloud   states= 131349 violations=-          (51.97s)
V1-no-per_upload_keys                  none    states=   9478 violations=-          (1.25s)
V1-no-per_upload_keys                  device  states=  19659 violations=-          (3.35s)
V1-no-per_upload_keys                  leak    states=  38215 violations=-          (11.13s)
V1-no-per_upload_keys                  fault   states=  20044 violations=-          (4.22s)
V1-no-per_upload_keys                  cloud   states=  37544 violations=-          (6.01s)
V1-no-receipts                         none    states=     48 violations=S1         (0.0s)
V1-no-receipts                         device  states=    131 violations=S1         (0.01s)
V1-no-receipts                         leak    states=    197 violations=S1         (0.02s)
V1-no-receipts                         fault   states=     72 violations=S1         (0.0s)
V1-no-receipts                         cloud   states=    482 violations=S1,SL      (0.05s)
V1-no-pinned_trust                     none    states=  35322 violations=-          (15.96s)
V1-no-pinned_trust                     device  states=  71118 violations=-          (25.62s)
V1-no-pinned_trust                     leak    states= 284671 violations=-          (153.62s)
V1-no-pinned_trust                     fault   states=  86549 violations=-          (36.33s)
