V0-ADR-0001-literal                    none    states=     61 violations=S1         (0.01s)
V0-ADR-0001-literal                    device  states=    159 violations=S1,SL,L1   (0.01s)
V0-ADR-0001-literal                    leak    states=    305 violations=S1,SL,S3,L1 (0.02s)
V0-ADR-0001-literal                    fault   states=    100 violations=S1,SL,L1   (0.01s)
V0-ADR-0001-literal                    cloud   states=    662 violations=S1,SL,S3   (0.05s)
V1-proposed                            none    states=  35322 violations=-          (16.42s)
V1-proposed                            device  states=  71118 violations=-          (37.21s)
V1-proposed                            leak    states= 284671 violations=-          (197.24s)
V1-proposed                            fault   states=  86549 violations=-          (57.87s)
V1-proposed                            cloud   states= 126873 violations=-          (67.44s)
V1+create_only                         none    states=  35451 violations=-          (15.21s)
V1+create_only                         device  states=  71367 violations=-          (36.66s)
V1+create_only                         leak    states= 179407 violations=-          (151.82s)
V1+create_only                         fault   states=  87387 violations=-          (57.88s)
V1+create_only                         cloud   states= 131349 violations=-          (79.38s)
V1-no-per_upload_keys                  none    states=   9478 violations=-          (3.14s)
V1-no-per_upload_keys                  device  states=  19659 violations=-          (6.78s)
V1-no-per_upload_keys                  leak    states=  38215 violations=-          (14.4s)
V1-no-per_upload_keys                  fault   states=  20044 violations=-          (8.52s)
V1-no-per_upload_keys                  cloud   states=  37544 violations=-          (12.53s)
V1-no-receipts                         none    states=     48 violations=S1         (0.03s)
V1-no-receipts                         device  states=    131 violations=S1         (0.02s)
V1-no-receipts                         leak    states=    197 violations=S1         (0.04s)
V1-no-receipts                         fault   states=     72 violations=S1         (0.01s)
V1-no-receipts                         cloud   states=    482 violations=S1,SL      (0.11s)
V1-no-ttl                              none    states=    325 violations=-          (0.03s)
V1-no-ttl                              device  states=    329 violations=L1         (0.06s)
V1-no-ttl                              leak    states=   2968 violations=-          (0.45s)
V1-no-ttl                              fault   states=   1275 violations=-          (0.19s)
V1-no-ttl                              cloud   states=   1062 violations=-          (0.13s)
V1-no-staged_state                     none    states=  35613 violations=-          (16.55s)
V1-no-staged_state                     device  states=  71679 violations=-          (37.7s)
V1-no-staged_state                     leak    states= 287328 violations=-          (199.23s)
V1-no-staged_state                     fault   states=  88013 violations=-          (59.08s)
V1-no-staged_state                     cloud   states= 134249 violations=-          (69.94s)
V1-no-reset_on_reject                  none    states=  35322 violations=-          (16.24s)
V1-no-reset_on_reject                  device  states=  71118 violations=-          (41.5s)
V1-no-reset_on_reject                  leak    states= 284931 violations=-          (237.08s)
V1-no-reset_on_reject                  fault   states=  86549 violations=-          (54.67s)
V1-no-reset_on_reject                  cloud   states= 127329 violations=-          (67.74s)
V1-no-requery                          none    states=     73 violations=L1         (0.03s)
V1-no-requery                          device  states=    181 violations=L1         (0.04s)
V1-no-requery                          leak    states=    306 violations=L1         (0.06s)
V1-no-requery                          fault   states=    103 violations=L1         (0.02s)
V1-no-requery                          cloud   states=    502 violations=-          (0.08s)
V1-no-attribution                      none    states=  35322 violations=-          (15.23s)
V1-no-attribution                      device  states=  71118 violations=-          (38.25s)
V1-no-attribution                      leak    states= 315862 violations=S3         (214.17s)
V1-no-attribution                      fault   states=  86549 violations=-          (54.17s)
V1-no-attribution                      cloud   states= 139073 violations=S3         (74.71s)
V1-no-homelab_verify                   none    states=  35322 violations=-          (11.97s)
V1-no-homelab_verify                   device  states=  71118 violations=-          (38.17s)
V1-no-homelab_verify                   leak    states= 304204 violations=S1,SL,S2,L1 (202.96s)
V1-no-homelab_verify                   fault   states=  86549 violations=-          (54.29s)
V1-no-homelab_verify                   cloud   states= 125960 violations=S2         (52.31s)
V1-no-registry_auth                    none    states=  35322 violations=-          (17.58s)
V1-no-registry_auth                    device  states=  71118 violations=-          (35.11s)
V1-no-registry_auth                    leak    states= 284671 violations=-          (170.78s)
V1-no-registry_auth                    fault   states=  86549 violations=-          (42.25s)
V1-no-registry_auth                    cloud   states= 138655 violations=-          (50.68s)
V1-no-reconcile_missing                none    states=  35322 violations=-          (10.51s)
V1-no-reconcile_missing                device  states=  71118 violations=-          (21.99s)
V1-no-reconcile_missing                leak    states= 284671 violations=-          (120.15s)
V1-no-reconcile_missing                fault   states=  86549 violations=L1         (25.19s)
V1-no-reconcile_missing                cloud   states= 126873 violations=-          (37.11s)
V1-no-per_upload_keys+create_only      none    states=   9060 violations=-          (1.43s)
V1-no-per_upload_keys+create_only      device  states=  18541 violations=-          (2.56s)
V1-no-per_upload_keys+create_only      leak    states=  22778 violations=-          (3.92s)
V1-no-per_upload_keys+create_only      fault   states=  19820 violations=-          (2.53s)
V1-no-per_upload_keys+create_only      cloud   states=  36930 violations=-          (4.54s)
V1-no-pinned_trust                     none    states=  35322 violations=-          (15.2s)
V1-no-pinned_trust                     device  states=  71118 violations=-          (34.33s)
V1-no-pinned_trust                     leak    states= 284671 violations=-          (208.1s)
V1-no-pinned_trust                     fault   states=  86549 violations=-          (63.18s)
