PASS A: every wake ok
PASS A: spool never above budget :: peak 10488320 budget 10488320
PASS A: reassembled + decrypted == source :: {'errors': [], 'n_parts': 9, 'ok': True, 'part_numbers_with_conflicting_bodies': 0, 'plaintext_sha256_match': True, 'server_put_attempts': 9, 'upload_id': 'up-55a5ad266daf0c2b'}
PASS A: spool empty at end
PASS B: cancelled flag set :: {'cancel_latency_us': 486, 'cancelled': True, 'core_version': 'reliquary-ios-shape 0.1.0', 'event_outcomes': {}, 'handed_off': [1], 'ok': True, 'orphans_reset': 0, 'produce_ms': 74, 'produced_parts': [1], 'progress_callbacks': 113, 'source_bytes_read': 7340032, 'spool_bytes_after': 5244160, 'status': {'complete': False, 'enqueued': 1, 'missing': 0, 'n_parts': 6, 'not_started': 5, 'spooled': 0, 'uploaded': 0}, 'upload_id': 'up-5ed93c218bdd9725'}
PASS B: only whole parts committed (part 1) :: [1]
PASS B: no torn .tmp left in spool
PASS B: cancel latency recorded :: 486
PASS B: completes after cancel :: {'errors': [], 'n_parts': 6, 'ok': True, 'part_numbers_with_conflicting_bodies': 0, 'plaintext_sha256_match': True, 'server_put_attempts': 6, 'upload_id': 'up-5ed93c218bdd9725'}
PASS C: killed mid-part (a .tmp existed) :: ['up-0b9bf782dc5b58a3.00001.part', 'up-0b9bf782dc5b58a3.00002.part', 'up-0b9bf782dc5b58a3.00003.tmp']
PASS C: relaunch ok, torn .tmp removed :: (None, [])
PASS C: completes after SIGKILL :: {'errors': [], 'n_parts': 12, 'ok': True, 'part_numbers_with_conflicting_bodies': 0, 'plaintext_sha256_match': True, 'server_put_attempts': 12, 'upload_id': 'up-0b9bf782dc5b58a3'}
PASS D: failures reported as events :: {'failed': 5}
PASS D: failed parts re-handed off with fresh URLs :: [1, 2, 3, 4, 5]
PASS D: completes; re-uploads byte-identical :: {'errors': [], 'n_parts': 5, 'ok': True, 'part_numbers_with_conflicting_bodies': 0, 'plaintext_sha256_match': True, 'server_put_attempts': 10, 'upload_id': 'up-e8f880a23ed57c2c'}
PASS E: orphaned tasks reset on relaunch :: (4, [1, 2, 3, 4])
PASS E: orphaned parts re-handed off :: [1, 2, 3, 4]
PASS E: completes after force-quit :: {'errors': [], 'n_parts': 4, 'ok': True, 'part_numbers_with_conflicting_bodies': 0, 'plaintext_sha256_match': True, 'server_put_attempts': 4, 'upload_id': 'up-64738fb0432430ea'}
PASS F: duplicates detected, not double-counted :: {'duplicate': 3, 'recorded': 3}
PASS G: purged part regenerated :: [1]
PASS G: regenerated part byte-identical to first attempt :: {'errors': [], 'n_parts': 4, 'ok': True, 'part_numbers_with_conflicting_bodies': 0, 'plaintext_sha256_match': True, 'server_put_attempts': 5, 'upload_id': 'up-fa4c2f3bee196cd2'}
PASS H: SourceChanged raised, nothing re-encrypted :: SourceChanged(msg: "part 2 plaintext differs from the first production; refusing to re-encrypt")
PASS H: no part 2 ciphertext left in spool
PASS I0: size 0 round-trips :: {'errors': [], 'n_parts': 1, 'ok': True, 'part_numbers_with_conflicting_bodies': 0, 'plaintext_sha256_match': True, 'server_put_attempts': 1, 'upload_id': 'up-6cc0366c3645f04a'}
PASS I1: size 1 round-trips :: {'errors': [], 'n_parts': 1, 'ok': True, 'part_numbers_with_conflicting_bodies': 0, 'plaintext_sha256_match': True, 'server_put_attempts': 1, 'upload_id': 'up-48b103e7d255811e'}
PASS I2: size 10485760 round-trips :: {'errors': [], 'n_parts': 2, 'ok': True, 'part_numbers_with_conflicting_bodies': 0, 'plaintext_sha256_match': True, 'server_put_attempts': 2, 'upload_id': 'up-5297d950625d1982'}
{"checks": 26, "passed": 26}
